// Jest Snapshot v1, https://goo.gl/fbAQLP

exports[`Collapsable renders collapsed 1`] = `
<div>
  <div>
    1
  </div>
  <div>
    2
  </div>
  <a
    class="css-1vuuepj"
  >
    <div
      class="ResultGrid-Row css-mnel7i"
      style="color:inherit"
    >
      <div
        class="ResultGrid-Column css-73z4cy"
      >
        Show 2 other item(s)
      </div>
    </div>
  </a>
</div>
`;
