// Jest Snapshot v1, https://goo.gl/fbAQLP

exports[`Collapsable renders collapsed 1`] = `
<div>
  <div>
    1
  </div>
  <div>
    2
  </div>
  <a
    class="css-1wt48oc-ExpandLink evss3fd0"
  >
    <div
      class="erefeu23 ResultGrid-Row css-1d0bn69-Row"
      style="color:inherit"
    >
      <div
        class="erefeu21 ResultGrid-Column css-1oad8ub-Column"
      >
        Show 2 other item(s)
      </div>
    </div>
  </a>
</div>
`;
