// Jest Snapshot v1, https://goo.gl/fbAQLP

exports[`CoverageSummary renders 1`] = `
<div
  class="css-pisr0g"
>
  <div
    class="ResultGrid-Header css-1uzfnwq"
  >
    <div
      class="ResultGrid-Column css-73z4cy"
    >
      File
    </div>
    <div
      class="ResultGrid-Column css-1409nxk"
      style="text-align:right"
      width="80"
    >
      Diff
    </div>
    <div
      class="ResultGrid-Column css-1409nxk"
      style="text-align:right"
      width="80"
    >
      Overall
    </div>
  </div>
  <div>
    <div
      class="ResultGrid-Row css-mnel7i"
    >
      <div
        class="ResultGrid-Column css-73z4cy"
      >
        <a>
          webapp/components/Collapsable.jsx
        </a>
      </div>
      <div
        class="ResultGrid-Column css-1409nxk"
        style="text-align:right"
        width="80"
      >
        100%
      </div>
      <div
        class="ResultGrid-Column css-1409nxk"
        style="text-align:right"
        width="80"
      >
        85.7%
      </div>
    </div>
  </div>
</div>
`;
